Component: ARM Compiler 5.06 update 7 (build 960) Tool: armlink [4d3601]

==============================================================================

Section Cross References

    main.o(.text) refers to misc.o(.text) for NVIC_PriorityGroupConfig
    main.o(.text) refers to usart.o(.text) for uart_init
    main.o(.text) refers to delay.o(.text) for delay_init
    main.o(.text) refers to led.o(.text) for LED_Init
    main.o(.text) refers to key.o(.text) for Key_Init
    main.o(.text) refers to pwm.o(.text) for PWM_Init_TIM1
    main.o(.text) refers to encoder.o(.text) for Encoder_Init_TIM2
    main.o(.text) refers to motor.o(.text) for Motor_Init
    main.o(.text) refers to oled.o(.text) for OLED_Init
    main.o(.text) refers to pid.o(.text) for PID_Init
    main.o(.text) refers to mpu6050.o(.text) for MPU_Init
    main.o(.text) refers to inv_mpu.o(.text) for mpu_dmp_init
    main.o(.text) refers to timer.o(.text) for TIM5_Int_Init
    main.o(.text) refers to ffixui.o(.text) for __aeabi_f2uiz
    main.o(.text) refers to f2d.o(.text) for __aeabi_f2d
    main.o(.text) refers to pid.o(.bss) for pidMotorSpeed
    main.o(.text) refers to main.o(.data) for speed
    system_stm32f10x.o(.text) refers to system_stm32f10x.o(.data) for SystemCoreClock
    led.o(.text) refers to stm32f10x_rcc.o(.text) for RCC_APB2PeriphClockCmd
    led.o(.text) refers to stm32f10x_gpio.o(.text) for GPIO_Init
    motor.o(.text) refers to stm32f10x_rcc.o(.text) for RCC_APB2PeriphClockCmd
    motor.o(.text) refers to stm32f10x_gpio.o(.text) for GPIO_Init
    pwm.o(.text) refers to stm32f10x_rcc.o(.text) for RCC_APB2PeriphClockCmd
    pwm.o(.text) refers to stm32f10x_gpio.o(.text) for GPIO_Init
    pwm.o(.text) refers to stm32f10x_tim.o(.text) for TIM_TimeBaseInit
    oled.o(.text) refers to stm32f10x_gpio.o(.text) for GPIO_SetBits
    oled.o(.text) refers to cdcmple.o(.text) for __aeabi_cdcmple
    oled.o(.text) refers to dfixi.o(.text) for __aeabi_d2iz
    oled.o(.text) refers to oled.o(.constdata) for F8X16
    oled.o(.text) refers to dflti.o(.text) for __aeabi_i2d
    oled.o(.text) refers to dadd.o(.text) for __aeabi_drsub
    oled.o(.text) refers to dmul.o(.text) for __aeabi_dmul
    oled.o(.text) refers to dfixui.o(.text) for __aeabi_d2uiz
    oled.o(.text) refers to dfltui.o(.text) for __aeabi_ui2d
    oled.o(.text) refers to stm32f10x_rcc.o(.text) for RCC_APB2PeriphClockCmd
    oled.o(.text) refers to delay.o(.text) for delay_ms
    timer.o(.text) refers to stm32f10x_rcc.o(.text) for RCC_APB1PeriphClockCmd
    timer.o(.text) refers to stm32f10x_tim.o(.text) for TIM_TimeBaseInit
    timer.o(.text) refers to misc.o(.text) for NVIC_Init
    timer.o(.text) refers to inv_mpu.o(.text) for mpu_dmp_get_data
    timer.o(.text) refers to f2d.o(.text) for __aeabi_f2d
    timer.o(.text) refers to dadd.o(.text) for __aeabi_dadd
    timer.o(.text) refers to d2f.o(.text) for __aeabi_d2f
    timer.o(.text) refers to control.o(.text) for Sensor_Init
    timer.o(.text) refers to main.o(.data) for yaw
    pid.o(.text) refers to fadd.o(.text) for __aeabi_fsub
    pid.o(.text) refers to fmul.o(.text) for __aeabi_fmul
    pid.o(.text) refers to fflti.o(.text) for __aeabi_i2f
    pid.o(.text) refers to ffixi.o(.text) for __aeabi_f2iz
    pid.o(.text) refers to pid.o(.bss) for pidMotorSpeed
    pid.o(.text) refers to pid.o(.data) for Bias
    encoder.o(.text) refers to stm32f10x_rcc.o(.text) for RCC_APB1PeriphClockCmd
    encoder.o(.text) refers to stm32f10x_gpio.o(.text) for GPIO_Init
    encoder.o(.text) refers to stm32f10x_tim.o(.text) for TIM_TimeBaseStructInit
    key.o(.text) refers to stm32f10x_rcc.o(.text) for RCC_APB2PeriphClockCmd
    key.o(.text) refers to stm32f10x_gpio.o(.text) for GPIO_Init
    key.o(.text) refers to delay.o(.text) for delay_ms
    control.o(.text) refers to fflti.o(.text) for __aeabi_i2f
    control.o(.text) refers to pid.o(.text) for PID_realize
    control.o(.text) refers to ffixi.o(.text) for __aeabi_f2iz
    control.o(.text) refers to stm32f10x_tim.o(.text) for TIM_SetCompare1
    control.o(.text) refers to fadd.o(.text) for __aeabi_fadd
    control.o(.text) refers to cfrcmple.o(.text) for __aeabi_cfrcmple
    control.o(.text) refers to cfcmple.o(.text) for __aeabi_cfcmple
    control.o(.text) refers to ffixui.o(.text) for __aeabi_f2uiz
    control.o(.text) refers to fmul.o(.text) for __aeabi_fmul
    control.o(.text) refers to main.o(.bss) for g_read_value
    control.o(.text) refers to main.o(.data) for err
    control.o(.text) refers to pid.o(.bss) for pidMotorSpeed
    control.o(.text) refers to control.o(.data) for last_err
    control.o(.text) refers to pid.o(.data) for g_fmpu6050YawMovePidOut
    delay.o(.text) refers to misc.o(.text) for SysTick_CLKSourceConfig
    delay.o(.text) refers to system_stm32f10x.o(.data) for SystemCoreClock
    delay.o(.text) refers to delay.o(.data) for fac_us
    usart.o(.text) refers to stm32f10x_rcc.o(.text) for RCC_APB2PeriphClockCmd
[...]
    ../mathlib/atan2.c                       0x00000000   Number         0  atan2_x.o ABSOLUTE
    ../mathlib/atan2.c                       0x00000000   Number         0  atan2.o ABSOLUTE
    ../mathlib/dunder.c                      0x00000000   Number         0  dunder.o ABSOLUTE
    ../mathlib/fpclassify.c                  0x00000000   Number         0  fpclassify.o ABSOLUTE
    ../mathlib/poly.c                        0x00000000   Number         0  poly.o ABSOLUTE
    ../mathlib/qnan.c                        0x00000000   Number         0  qnan.o ABSOLUTE
    ../mathlib/sqrt.c                        0x00000000   Number         0  sqrt.o ABSOLUTE
    ../mathlib/sqrt.c                        0x00000000   Number         0  sqrt_x.o ABSOLUTE
    ..\CORE\core_cm3.c                       0x00000000   Number         0  core_cm3.o ABSOLUTE
    ..\CORE\startup_stm32f10x_hd.s           0x00000000   Number         0  startup_stm32f10x_hd.o ABSOLUTE
    ..\HARDWARE\Control\control.c            0x00000000   Number         0  control.o ABSOLUTE
    ..\HARDWARE\Encoder\encoder.c            0x00000000   Number         0  encoder.o ABSOLUTE
    ..\HARDWARE\KEY\key.c                    0x00000000   Number         0  key.o ABSOLUTE
    ..\HARDWARE\LED\led.c                    0x00000000   Number         0  led.o ABSOLUTE
    ..\HARDWARE\MPU6050\eMPL\inv_mpu.c       0x00000000   Number         0  inv_mpu.o ABSOLUTE
    ..\HARDWARE\MPU6050\eMPL\inv_mpu_dmp_motion_driver.c 0x00000000   Number         0  inv_mpu_dmp_motion_driver.o ABSOLUTE
    ..\HARDWARE\MPU6050\mpu6050.c            0x00000000   Number         0  mpu6050.o ABSOLUTE
    ..\HARDWARE\MPU6050\mpuiic.c             0x00000000   Number         0  mpuiic.o ABSOLUTE
    ..\HARDWARE\Motor\motor.c                0x00000000   Number         0  motor.o ABSOLUTE
    ..\HARDWARE\OLED\oled.c                  0x00000000   Number         0  oled.o ABSOLUTE
    ..\HARDWARE\PID\pid.c                    0x00000000   Number         0  pid.o ABSOLUTE
    ..\HARDWARE\PWM\pwm.c                    0x00000000   Number         0  pwm.o ABSOLUTE
    ..\HARDWARE\Timer\timer.c                0x00000000   Number         0  timer.o ABSOLUTE
    ..\STM32F10x_FWLib\src\misc.c            0x00000000   Number         0  misc.o ABSOLUTE
    ..\STM32F10x_FWLib\src\stm32f10x_gpio.c  0x00000000   Number         0  stm32f10x_gpio.o ABSOLUTE
    ..\STM32F10x_FWLib\src\stm32f10x_i2c.c   0x00000000   Number         0  stm32f10x_i2c.o ABSOLUTE
    ..\STM32F10x_FWLib\src\stm32f10x_rcc.c   0x00000000   Number         0  stm32f10x_rcc.o ABSOLUTE
    ..\STM32F10x_FWLib\src\stm32f10x_tim.c   0x00000000   Number         0  stm32f10x_tim.o ABSOLUTE
    ..\STM32F10x_FWLib\src\stm32f10x_usart.c 0x00000000   Number         0  stm32f10x_usart.o ABSOLUTE
    ..\SYSTEM\delay\delay.c                  0x00000000   Number         0  delay.o ABSOLUTE
    ..\SYSTEM\sys\sys.c                      0x00000000   Number         0  sys.o ABSOLUTE
    ..\SYSTEM\usart\usart.c                  0x00000000   Number         0  usart.o ABSOLUTE
    ..\\CORE\\core_cm3.c                     0x00000000   Number         0  core_cm3.o ABSOLUTE
    ..\\SYSTEM\\sys\\sys.c                   0x00000000   Number         0  sys.o ABSOLUTE
    cdcmple.s                                0x00000000   Number         0  cdcmple.o ABSOLUTE
    cdrcmple.s                               0x00000000   Number         0  cdrcmple.o ABSOLUTE
    cfcmple.s                                0x00000000   Number         0  cfcmple.o ABSOLUTE
    cfrcmple.s                               0x00000000   Number         0  cfrcmple.o ABSOLUTE
    dc.s                                     0x00000000   Number         0  dc.o ABSOLUTE
    handlers.s                               0x00000000   Number         0  handlers.o ABSOLUTE
    init.s                                   0x00000000   Number         0  init.o ABSOLUTE
    main.c                                   0x00000000   Number         0  main.o ABSOLUTE
    stm32f10x_it.c                           0x00000000   Number         0  stm32f10x_it.o ABSOLUTE
    system_stm32f10x.c                       0x00000000   Number         0  system_stm32f10x.o ABSOLUTE
    RESET                                    0x08000000   Section      304  startup_stm32f10x_hd.o(RESET)
    .ARM.Collect$$$$00000000                 0x08000130   Section        0  entry.o(.ARM.Collect$$$$00000000)
    .ARM.Collect$$$$00000001                 0x08000130   Section        4  entry2.o(.ARM.Collect$$$$00000001)
    .ARM.Collect$$$$00000004                 0x08000134   Section        4  entry5.o(.ARM.Collect$$$$00000004)
    .ARM.Collect$$$$00000008                 0x08000138   Section        0  entry7b.o(.ARM.Collect$$$$00000008)
    .ARM.Collect$$$$0000000A                 0x08000138   Section        0  entry8b.o(.ARM.Collect$$$$0000000A)
    .ARM.Collect$$$$0000000B                 0x08000138   Section        8  entry9a.o(.ARM.Collect$$$$0000000B)
    .ARM.Collect$$$$0000000E                 0x08000140   Section        4  entry12b.o(.ARM.Collect$$$$0000000E)
    .ARM.Collect$$$$0000000F                 0x08000144   Section        0  entry10a.o(.ARM.Collect$$$$0000000F)
    .ARM.Collect$$$$00000011                 0x08000144   Section        0  entry11a.o(.ARM.Collect$$$$00000011)
    .ARM.Collect$$$$00002712                 0x08000144   Section        4  entry2.o(.ARM.Collect$$$$00002712)
    __lit__00000000                          0x08000144   Data           4  entry2.o(.ARM.Collect$$$$00002712)
    .text                                    0x08000148   Section        0  main.o(.text)
    .text                                    0x080002bc   Section        0  stm32f10x_it.o(.text)
    .text                                    0x080002d8   Section        0  system_stm32f10x.o(.text)
    SetSysClockTo72                          0x080002d9   Thumb Code   214  system_stm32f10x.o(.text)
    SetSysClock                              0x080003af   Thumb Code     8  system_stm32f10x.o(.text)
    .text                                    0x080004b8   Section        0  led.o(.text)
    .text                                    0x0800055c   Section        0  motor.o(.text)
    .text                                    0x080005c8   Section        0  pwm.o(.text)
    .text                                    0x08000690   Section        0  oled.o(.text)
    .text                                    0x0800118c   Section        0  timer.o(.text)
    .text                                    0x08001244   Section        0  pid.o(.text)
    .text                                    0x080013f0   Section        0  encoder.o(.text)
    .text                                    0x08001560   Section        0  key.o(.text)
    .text                                    0x080015e0   Section        0  control.o(.text)
    .text                                    0x08001900   Section        0  delay.o(.text)
    .text                                    0x080019d4   Section        0  usart.o(.text)
    .text                                    0x08001bac   Section       36  startup_stm32f10x_hd.o(.text)
    .text                                    0x08001bd0   Section        0  stm32f10x_gpio.o(.text)
    .text                                    0x08001f2c   Section        0  stm32f10x_rcc.o(.text)
    .text                                    0x080022d0   Section        0  stm32f10x_usart.o(.text)
    .text                                    0x080026d8   Section        0  misc.o(.text)
    .text                                    0x080027b4   Section        0  stm32f10x_tim.o(.text)
    TI4_Config                               0x08002c5b   Thumb Code   130  stm32f10x_tim.o(.text)
    TI3_Config                               0x08002cef   Thumb Code   122  stm32f10x_tim.o(.text)
    TI2_Config                               0x08002d83   Thumb Code   130  stm32f10x_tim.o(.text)
    TI1_Config                               0x08002e17   Thumb Code   108  stm32f10x_tim.o(.text)
    .text                                    0x080035d0   Section        0  mpu6050.o(.text)
    .text                                    0x08003938   Section        0  mpuiic.o(.text)
    .text                                    0x08003b7c   Section        0  inv_mpu.o(.text)
    set_int_enable                           0x08003b7d   Thumb Code   138  inv_mpu.o(.text)
    get_accel_prod_shift                     0x08004ded   Thumb Code   168  inv_mpu.o(.text)
    accel_self_test                          0x08004e95   Thumb Code   164  inv_mpu.o(.text)
    gyro_self_test                           0x08004f39   Thumb Code   280  inv_mpu.o(.text)
    get_st_biases                            0x08005051   Thumb Code  1134  inv_mpu.o(.text)
    .text                                    0x08005e04   Section        0  inv_mpu_dmp_motion_driver.o(.text)
    decode_gesture                           0x080068b9   Thumb Code    94  inv_mpu_dmp_motion_driver.o(.text)
    .text                                    0x08006b74   Section        0  ldiv.o(.text)
    .text                                    0x08006bd6   Section        0  memseta.o(.text)
    .text                                    0x08006bfa   Section        0  memcmp.o(.text)
    .text                                    0x08006c14   Section        0  fadd.o(.text)
    .text                                    0x08006cc4   Section        0  fmul.o(.text)
    .text                                    0x08006d28   Section        0  fdiv.o(.text)
    .text                                    0x08006da4   Section        0  dadd.o(.text)
    .text                                    0x08006ef2   Section        0  dmul.o(.text)
    .text                                    0x08006fd6   Section        0  ddiv.o(.text)
    .text                                    0x080070b4   Section        0  fflti.o(.text)
    .text                                    0x080070c6   Section        0  ffltui.o(.text)
    .text                                    0x080070d0   Section        0  dflti.o(.text)
    .text                                    0x080070f2   Section        0  dfltui.o(.text)
    .text                                    0x0800710c   Section        0  ffixi.o(.text)
    .text                                    0x0800713e   Section        0  ffixui.o(.text)
    .text                                    0x08007166   Section        0  dfixi.o(.text)
    .text                                    0x080071a4   Section        0  dfixui.o(.text)
    .text                                    0x080071d6   Section        0  f2d.o(.text)
    .text                                    0x080071fc   Section       48  cdcmple.o(.text)
    .text                                    0x0800722c   Section        0  d2f.o(.text)
    .text                                    0x08007264   Section       20  cfcmple.o(.text)
    .text                                    0x08007278   Section       20  cfrcmple.o(.text)
    .text                                    0x0800728c   Section        0  uldiv.o(.text)
    .text                                    0x080072ee   Section        0  llshl.o(.text)
    .text                                    0x0800730c   Section        0  llushr.o(.text)
    .text                                    0x0800732c   Section        0  llsshr.o(.text)
    .text                                    0x08007350   Section        0  iusefp.o(.text)
    .text                                    0x08007350   Section        0  fepilogue.o(.text)
    .text                                    0x080073be   Section        0  depilogue.o(.text)
    .text                                    0x08007478   Section        0  dscalb.o(.text)
    .text                                    0x080074a8   Section       36  init.o(.text)
    .text                                    0x080074cc   Section        0  dsqrt.o(.text)
    i.__0printf$8                            0x08007570   Section        0  printf8.o(i.__0printf$8)
    i.__ARM_fpclassify                       0x08007590   Section        0  fpclassify.o(i.__ARM_fpclassify)
    i.__kernel_poly                          0x080075b8   Section        0  poly.o(i.__kernel_poly)
    i.__mathlib_dbl_infnan                   0x08007662   Section        0  dunder.o(i.__mathlib_dbl_infnan)
    i.__mathlib_dbl_infnan2                  0x08007668   Section        0  dunder.o(i.__mathlib_dbl_infnan2)
    i.__mathlib_dbl_invalid                  0x0800766c   Section        0  dunder.o(i.__mathlib_dbl_invalid)
    i.__mathlib_dbl_underflow                0x08007678   Section        0  dunder.o(i.__mathlib_dbl_underflow)
    i.__scatterload_copy                     0x08007688   Section       14  handlers.o(i.__scatterload_copy)
    i.__scatterload_null                     0x08007696   Section        2  handlers.o(i.__scatterload_null)
    i.__scatterload_zeroinit                 0x08007698   Section       14  handlers.o(i.__scatterload_zeroinit)
    i.__set_errno                            0x080076a8   Section        0  errno.o(i.__set_errno)
    i._printf_core                           0x080076b4   Section        0  printf8.o(i._printf_core)
    _printf_core                             0x080076b5   Thumb Code   984  printf8.o(i._printf_core)
    i._printf_post_padding                   0x08007ab8   Section        0  printf8.o(i._printf_post_padding)
    _printf_post_padding                     0x08007ab9   Thumb Code    36  printf8.o(i._printf_post_padding)
    i._printf_pre_padding                    0x08007adc   Section        0  printf8.o(i._printf_pre_padding)
    _printf_pre_padding                      0x08007add   Thumb Code    46  printf8.o(i._printf_pre_padding)
    i.asin                                   0x08007b0c   Section        0  asin.o(i.asin)
    i.atan                                   0x08007d7c   Section        0  atan.o(i.atan)
    i.atan2                                  0x08007f9c   Section        0  atan2.o(i.atan2)
    i.sqrt                                   0x08008138   Section        0  sqrt.o(i.sqrt)
    .constdata                               0x08008184   Section     2072  oled.o(.constdata)
    .constdata                               0x0800899c   Section       80  inv_mpu.o(.constdata)
    .constdata                               0x080089ec   Section     3062  inv_mpu_dmp_motion_driver.o(.constdata)
    dmp_memory                               0x080089ec   Data        3062  inv_mpu_dmp_motion_driver.o(.constdata)
    .constdata                               0x080095e8   Section       80  asin.o(.constdata)
    pS                                       0x080095e8   Data          48  asin.o(.constdata)
    qS                                       0x08009618   Data          32  asin.o(.constdata)
    .constdata                               0x08009638   Section      152  atan.o(.constdata)
    atanhi                                   0x08009638   Data          32  atan.o(.constdata)
    atanlo                                   0x08009658   Data          32  atan.o(.constdata)
    aTodd                                    0x08009678   Data          40  atan.o(.constdata)
    aTeven                                   0x080096a0   Data          48  atan.o(.constdata)
    .constdata                               0x080096d0   Section        8  qnan.o(.constdata)
    .conststring                             0x080096d8   Section       77  inv_mpu.o(.conststring)
    .data                                    0x20000000   Section       56  main.o(.data)
    .data                                    0x20000038   Section       20  system_stm32f10x.o(.data)
    .data                                    0x2000004c   Section       36  pid.o(.data)
    Bias                                     0x20000060   Data           4  pid.o(.data)
    Pwm                                      0x20000064   Data           4  pid.o(.data)
    Integral_bias                            0x20000068   Data           4  pid.o(.data)
    Last_Bias                                0x2000006c   Data           4  pid.o(.data)
    .data                                    0x20000070   Section       16  control.o(.data)
    Bias                                     0x20000074   Data           4  control.o(.data)
    Pwm                                      0x20000078   Data           4  control.o(.data)
    Last_bias                                0x2000007c   Data           4  control.o(.data)
    .data                                    0x20000080   Section        4  delay.o(.data)
    fac_us                                   0x20000080   Data           1  delay.o(.data)
    fac_ms                                   0x20000082   Data           2  delay.o(.data)
    .data                                    0x20000084   Section        6  usart.o(.data)
    .data                                    0x2000008a   Section       20  stm32f10x_rcc.o(.data)
    APBAHBPrescTable                         0x2000008a   Data          16  stm32f10x_rcc.o(.data)
    ADCPrescTable                            0x2000009a   Data           4  stm32f10x_rcc.o(.data)
    .data                                    0x200000a0   Section       53  inv_mpu.o(.data)
    st                                       0x200000a0   Data          44  inv_mpu.o(.data)
    gyro_orientation                         0x200000cc   Data           9  inv_mpu.o(.data)
    .data                                    0x200000d8   Section        4  errno.o(.data)
    _errno                                   0x200000d8   Data           4  errno.o(.data)
    .bss                                     0x200000dc   Section       20  main.o(.bss)
    .bss                                     0x200000f0   Section       64  pid.o(.bss)
    .bss                                     0x20000130   Section       16  inv_mpu_dmp_motion_driver.o(.bss)
    dmp                                      0x20000130   Data          16  inv_mpu_dmp_motion_driver.o(.bss)
    STACK                                    0x20000140   Section     1024  startup_stm32f10x_hd.o(STACK)

    Global Symbols

    Symbol Name                              Value     Ov Type        Size  Object(Section)

    BuildAttributes$$THM_ISAv4$P$D$K$B$S$PE$A:L22UL41UL21$X:L11$S22US41US21$IEEE1$IW$USESV6$~STKCKD$USESV7$~SHL$OTIME$ROPI$IEEEX$EBA8$MICROLIB$REQ8$PRES8$EABIv2 0x00000000   Number         0  anon$$obj.o ABSOLUTE
    __ARM_use_no_argv                        0x00000000   Number         0  main.o ABSOLUTE
    __use_no_errno                           0x00000000   Number         0  useno.o ABSOLUTE
    __use_no_exception_handling              0x00000000   Number         0  useno.o ABSOLUTE
    __use_no_fp                              0x00000000   Number         0  useno.o ABSOLUTE
    __use_no_heap                            0x00000000   Number         0  useno.o ABSOLUTE
    __use_no_heap_region                     0x00000000   Number         0  useno.o ABSOLUTE
    __use_no_semihosting                     0x00000000   Number         0  useno.o ABSOLUTE
    __use_no_semihosting_swi                 0x00000000   Number         0  useno.o ABSOLUTE
    __use_no_signal_handling                 0x00000000   Number         0  useno.o ABSOLUTE
    _printf_a                                0x00000000   Number         0  stubs.o ABSOLUTE
    _printf_c                                0x00000000   Number         0  stubs.o ABSOLUTE
    _printf_charcount                        0x00000000   Number         0  stubs.o ABSOLUTE
    _printf_d                                0x00000000   Number         0  stubs.o ABSOLUTE
    _printf_e                                0x00000000   Number         0  stubs.o ABSOLUTE
    _printf_f                                0x00000000   Number         0  stubs.o ABSOLUTE
    _printf_flags                            0x00000000   Number         0  stubs.o ABSOLUTE
    _printf_fp_dec                           0x00000000   Number         0  stubs.o ABSOLUTE
    _printf_fp_hex                           0x00000000   Number         0  stubs.o ABSOLUTE
    _printf_g                                0x00000000   Number         0  stubs.o ABSOLUTE
    _printf_i                                0x00000000   Number         0  stubs.o ABSOLUTE
    _printf_int_dec                          0x00000000   Number         0  stubs.o ABSOLUTE
    _printf_l                                0x00000000   Number         0  stubs.o ABSOLUTE
    _printf_lc                               0x00000000   Number         0  stubs.o ABSOLUTE
    _printf_ll                               0x00000000   Number         0  stubs.o ABSOLUTE
    _printf_lld                              0x00000000   Number         0  stubs.o ABSOLUTE
    _printf_lli                              0x00000000   Number         0  stubs.o ABSOLUTE
    _printf_llo                              0x00000000   Number         0  stubs.o ABSOLUTE
    _printf_llu                              0x00000000   Number         0  stubs.o ABSOLUTE
    _printf_llx                              0x00000000   Number         0  stubs.o ABSOLUTE
    _printf_longlong_dec                     0x00000000   Number         0  stubs.o ABSOLUTE
    _printf_longlong_hex                     0x00000000   Number         0  stubs.o ABSOLUTE
    _printf_longlong_oct                     0x00000000   Number         0  stubs.o ABSOLUTE
    _printf_ls                               0x00000000   Number         0  stubs.o ABSOLUTE
    _printf_mbtowc                           0x00000000   Number         0  stubs.o ABSOLUTE
    _printf_n                                0x00000000   Number         0  stubs.o ABSOLUTE
    _printf_o                                0x00000000   Number         0  stubs.o ABSOLUTE
    _printf_p                                0x00000000   Number         0  stubs.o ABSOLUTE
    _printf_percent                          0x00000000   Number         0  stubs.o ABSOLUTE
    _printf_pre_padding                      0x00000000   Number         0  stubs.o ABSOLUTE
    _printf_return_value                     0x00000000   Number         0  stubs.o ABSOLUTE
    _printf_s                                0x00000000   Number         0  stubs.o ABSOLUTE
    _printf_sizespec                         0x00000000   Number         0  stubs.o ABSOLUTE
    _printf_str                              0x00000000   Number         0  stubs.o ABSOLUTE
    _printf_truncate_signed                  0x00000000   Number         0  stubs.o ABSOLUTE
    _printf_truncate_unsigned                0x00000000   Number         0  stubs.o ABSOLUTE
    _printf_u                                0x00000000   Number         0  stubs.o ABSOLUTE
    _printf_wc                               0x00000000   Number         0  stubs.o ABSOLUTE
    _printf_wctomb                           0x00000000   Number         0  stubs.o ABSOLUTE
    _printf_widthprec                        0x00000000   Number         0  stubs.o ABSOLUTE
    _printf_x                                0x00000000   Number         0  stubs.o ABSOLUTE
    __arm_fini_                               - Undefined Weak Reference
    __cpp_initialize__aeabi_                  - Undefined Weak Reference
    __cxa_finalize                            - Undefined Weak Reference
    __decompress                              - Undefined Weak Reference
    _clock_init                               - Undefined Weak Reference
    _microlib_exit                            - Undefined Weak Reference
    __Vectors_Size                           0x00000130   Number         0  startup_stm32f10x_hd.o ABSOLUTE
    __Vectors                                0x08000000   Data           4  startup_stm32f10x_hd.o(RESET)
    __Vectors_End                            0x08000130   Data           0  startup_stm32f10x_hd.o(RESET)
    __main                                   0x08000131   Thumb Code     0  entry.o(.ARM.Collect$$$$00000000)
    _main_stk                                0x08000131   Thumb Code     0  entry2.o(.ARM.Collect$$$$00000001)
    _main_scatterload                        0x08000135   Thumb Code     0  entry5.o(.ARM.Collect$$$$00000004)
    __main_after_scatterload                 0x08000139   Thumb Code     0  entry5.o(.ARM.Collect$$$$00000004)
    _main_clock                              0x08000139   Thumb Code     0  entry7b.o(.ARM.Collect$$$$00000008)
    _main_cpp_init                           0x08000139   Thumb Code     0  entry8b.o(.ARM.Collect$$$$0000000A)
    _main_init                               0x08000139   Thumb Code     0  entry9a.o(.ARM.Collect$$$$0000000B)
    __rt_lib_shutdown_fini                   0x08000141   Thumb Code     0  entry12b.o(.ARM.Collect$$$$0000000E)
    __rt_final_cpp                           0x08000145   Thumb Code     0  entry10a.o(.ARM.Collect$$$$0000000F)
    __rt_final_exit                          0x08000145   Thumb Code     0  entry11a.o(.ARM.Collect$$$$00000011)
    main                                     0x08000149   Thumb Code   316  main.o(.text)
    NMI_Handler                              0x080002bd   Thumb Code     2  stm32f10x_it.o(.text)
    HardFault_Handler                        0x080002bf   Thumb Code     4  stm32f10x_it.o(.text)
    MemManage_Handler                        0x080002c3   Thumb Code     4  stm32f10x_it.o(.text)
    BusFault_Handler                         0x080002c7   Thumb Code     4  stm32f10x_it.o(.text)
    UsageFault_Handler                       0x080002cb   Thumb Code     4  stm32f10x_it.o(.text)
    SVC_Handler                              0x080002cf   Thumb Code     2  stm32f10x_it.o(.text)
    DebugMon_Handler                         0x080002d1   Thumb Code     2  stm32f10x_it.o(.text)
    PendSV_Handler                           0x080002d3   Thumb Code     2  stm32f10x_it.o(.text)
    SysTick_Handler                          0x080002d5   Thumb Code     2  stm32f10x_it.o(.text)
    SystemInit                               0x080003b7   Thumb Code    78  system_stm32f10x.o(.text)
    SystemCoreClockUpdate                    0x08000405   Thumb Code   142  system_stm32f10x.o(.text)
    LED_Init                                 0x080004b9   Thumb Code    50  led.o(.text)
    HW_Init                                  0x080004eb   Thumb Code    96  led.o(.text)
    Motor_Init                               0x0800055d   Thumb Code    40  motor.o(.text)
    Car_Forward                              0x08000585   Thumb Code    30  motor.o(.text)
    Car_Stop                                 0x080005a3   Thumb Code    26  motor.o(.text)
    PWM_Init_TIM1                            0x080005c9   Thumb Code   168  pwm.o(.text)
    Set_Pwm                                  0x08000671   Thumb Code    24  pwm.o(.text)
    OLED_IIC_Start                           0x08000691   Thumb Code    44  oled.o(.text)
    OLED_IIC_Stop                            0x080006bd   Thumb Code    34  oled.o(.text)
    OLED_IIC_Wait_Ack                        0x080006df   Thumb Code    24  oled.o(.text)
    OLED_Write_IIC_Byte                      0x080006f7   Thumb Code    88  oled.o(.text)
    OLED_Write_IIC_Command                   0x0800074f   Thumb Code    44  oled.o(.text)
    OLED_Write_IIC_Data                      0x0800077b   Thumb Code    44  oled.o(.text)
    OLED_WR_Byte                             0x080007a7   Thumb Code    24  oled.o(.text)
    Delay_50ms                               0x080007bf   Thumb Code    22  oled.o(.text)
    Delay_1ms                                0x080007d5   Thumb Code    26  oled.o(.text)
    OLED_Set_Pos                             0x080007ef   Thumb Code    40  oled.o(.text)
    OLED_Display_On                          0x08000817   Thumb Code    28  oled.o(.text)
    OLED_Display_Off                         0x08000833   Thumb Code    28  oled.o(.text)
    OLED_Clear                               0x0800084f   Thumb Code    62  oled.o(.text)
    OLED_On                                  0x0800088d   Thumb Code    62  oled.o(.text)
    OLED_ShowChar                            0x080008cb   Thumb Code   154  oled.o(.text)
    oled_pow                                 0x08000965   Thumb Code    22  oled.o(.text)
    OLED_ShowNumber                          0x0800097b   Thumb Code   136  oled.o(.text)
    OLED_ShowString                          0x08000a03   Thumb Code    54  oled.o(.text)
    OLED_Float                               0x08000a39   Thumb Code   456  oled.o(.text)
    OLED_Float2                              0x08000c01   Thumb Code   356  oled.o(.text)
    OLED_Num_write                           0x08000d65   Thumb Code    62  oled.o(.text)
    OLED_fuhao_write                         0x08000da3   Thumb Code    58  oled.o(.text)
    OLED_Num2                                0x08000ddd   Thumb Code   156  oled.o(.text)
    OLED_Num3                                0x08000e79   Thumb Code   210  oled.o(.text)
    OLED_Num4                                0x08000f4b   Thumb Code   134  oled.o(.text)
    OLED_Num5                                0x08000fd1   Thumb Code   152  oled.o(.text)
    OLED_Init                                0x08001069   Thumb Code   282  oled.o(.text)
    TIM5_Int_Init                            0x0800118d   Thumb Code    88  timer.o(.text)
    TIM5_IRQHandler                          0x080011e5   Thumb Code    74  timer.o(.text)
    PID_Init                                 0x08001245   Thumb Code    52  pid.o(.text)
    P_realize                                0x08001279   Thumb Code    32  pid.o(.text)
    PI_realize                               0x08001299   Thumb Code    64  pid.o(.text)
    PID_realize                              0x080012d9   Thumb Code    94  pid.o(.text)
    Position_PID                             0x08001337   Thumb Code   126  pid.o(.text)
    Vertical_Turn_PD                         0x080013b5   Thumb Code    20  pid.o(.text)
    Encoder_Init_TIM2                        0x080013f1   Thumb Code   154  encoder.o(.text)
    Encoder_Init_TIM3                        0x0800148b   Thumb Code   148  encoder.o(.text)
    Read_Encoder                             0x0800151f   Thumb Code    56  encoder.o(.text)
    Key_Init                                 0x08001561   Thumb Code    38  key.o(.text)
    Key_GetNum                               0x08001587   Thumb Code    84  key.o(.text)
    Sensor_Init                              0x080015e1   Thumb Code   244  control.o(.text)
    xun_ji                                   0x080016d5   Thumb Code   188  control.o(.text)
    Turn_Angle                               0x08001791   Thumb Code   154  control.o(.text)
    Incremental_PI                           0x0800182b   Thumb Code   110  control.o(.text)
    delay_init                               0x08001901   Thumb Code    50  delay.o(.text)
    delay_us                                 0x08001933   Thumb Code    72  delay.o(.text)
    delay_ms                                 0x0800197b   Thumb Code    72  delay.o(.text)
    _sys_exit                                0x080019d5   Thumb Code     4  usart.o(.text)
    fputc                                    0x080019d9   Thumb Code    24  usart.o(.text)
    uart_init                                0x080019f1   Thumb Code   154  usart.o(.text)
    USART2_IRQHandler                        0x08001a8b   Thumb Code   254  usart.o(.text)
    Reset_Handler                            0x08001bad   Thumb Code     8  startup_stm32f10x_hd.o(.text)
    ADC1_2_IRQHandler                        0x08001bc7   Thumb Code     0  startup_stm32f10x_hd.o(.text)
    ADC3_IRQHandler                          0x08001bc7   Thumb Code     0  startup_stm32f10x_hd.o(.text)
    CAN1_RX1_IRQHandler                      0x08001bc7   Thumb Code     0  startup_stm32f10x_hd.o(.text)
    CAN1_SCE_IRQHandler                      0x08001bc7   Thumb Code     0  startup_stm32f10x_hd.o(.text)
    DMA1_Channel1_IRQHandler                 0x08001bc7   Thumb Code     0  startup_stm32f10x_hd.o(.text)
    DMA1_Channel2_IRQHandler                 0x08001bc7   Thumb Code     0  startup_stm32f10x_hd.o(.text)
    DMA1_Channel3_IRQHandler                 0x08001bc7   Thumb Code     0  startup_stm32f10x_hd.o(.text)
    DMA1_Channel4_IRQHandler                 0x08001bc7   Thumb Code     0  startup_stm32f10x_hd.o(.text)
    DMA1_Channel5_IRQHandler                 0x08001bc7   Thumb Code     0  startup_stm32f10x_hd.o(.text)
    DMA1_Channel6_IRQHandler                 0x08001bc7   Thumb Code     0  startup_stm32f10x_hd.o(.text)
    DMA1_Channel7_IRQHandler                 0x08001bc7   Thumb Code     0  startup_stm32f10x_hd.o(.text)
    DMA2_Channel1_IRQHandler                 0x08001bc7   Thumb Code     0  startup_stm32f10x_hd.o(.text)
    DMA2_Channel2_IRQHandler                 0x08001bc7   Thumb Code     0  startup_stm32f10x_hd.o(.text)
    DMA2_Channel3_IRQHandler                 0x08001bc7   Thumb Code     0  startup_stm32f10x_hd.o(.text)
    DMA2_Channel4_5_IRQHandler               0x08001bc7   Thumb Code     0  startup_stm32f10x_hd.o(.text)
    EXTI0_IRQHandler                         0x08001bc7   Thumb Code     0  startup_stm32f10x_hd.o(.text)
    EXTI15_10_IRQHandler                     0x08001bc7   Thumb Code     0  startup_stm32f10x_hd.o(.text)
    EXTI1_IRQHandler                         0x08001bc7   Thumb Code     0  startup_stm32f10x_hd.o(.text)
    EXTI2_IRQHandler                         0x08001bc7   Thumb Code     0  startup_stm32f10x_hd.o(.text)
    EXTI3_IRQHandler                         0x08001bc7   Thumb Code     0  startup_stm32f10x_hd.o(.text)
    EXTI4_IRQHandler                         0x08001bc7   Thumb Code     0  startup_stm32f10x_hd.o(.text)
    EXTI9_5_IRQHandler                       0x08001bc7   Thumb Code     0  startup_stm32f10x_hd.o(.text)
    FLASH_IRQHandler                         0x08001bc7   Thumb Code     0  startup_stm32f10x_hd.o(.text)
    FSMC_IRQHandler                          0x08001bc7   Thumb Code     0  startup_stm32f10x_hd.o(.text)
    I2C1_ER_IRQHandler                       0x08001bc7   Thumb Code     0  startup_stm32f10x_hd.o(.text)
    I2C1_EV_IRQHandler                       0x08001bc7   Thumb Code     0  startup_stm32f10x_hd.o(.text)
    I2C2_ER_IRQHandler                       0x08001bc7   Thumb Code     0  startup_stm32f10x_hd.o(.text)
    I2C2_EV_IRQHandler                       0x08001bc7   Thumb Code     0  startup_stm32f10x_hd.o(.text)
    PVD_IRQHandler                           0x08001bc7   Thumb Code     0  startup_stm32f10x_hd.o(.text)
    RCC_IRQHandler                           0x08001bc7   Thumb Code     0  startup_stm32f10x_hd.o(.text)
    RTCAlarm_IRQHandler                      0x08001bc7   Thumb Code     0  startup_stm32f10x_hd.o(.text)
    RTC_IRQHandler                           0x08001bc7   Thumb Code     0  startup_stm32f10x_hd.o(.text)
    SDIO_IRQHandler                          0x08001bc7   Thumb Code     0  startup_stm32f10x_hd.o(.text)
    SPI1_IRQHandler                          0x08001bc7   Thumb Code     0  startup_stm32f10x_hd.o(.text)
    SPI2_IRQHandler                          0x08001bc7   Thumb Code     0  startup_stm32f10x_hd.o(.text)
    SPI3_IRQHandler                          0x08001bc7   Thumb Code     0  startup_stm32f10x_hd.o(.text)
    TAMPER_IRQHandler                        0x08001bc7   Thumb Code     0  startup_stm32f10x_hd.o(.text)
    TIM1_BRK_IRQHandler                      0x08001bc7   Thumb Code     0  startup_stm32f10x_hd.o(.text)
    TIM1_CC_IRQHandler                       0x08001bc7   Thumb Code     0  startup_stm32f10x_hd.o(.text)
    TIM1_TRG_COM_IRQHandler                  0x08001bc7   Thumb Code     0  startup_stm32f10x_hd.o(.text)
    TIM1_UP_IRQHandler                       0x08001bc7   Thumb Code     0  startup_stm32f10x_hd.o(.text)
    TIM2_IRQHandler                          0x08001bc7   Thumb Code     0  startup_stm32f10x_hd.o(.text)
    TIM3_IRQHandler                          0x08001bc7   Thumb Code     0  startup_stm32f10x_hd.o(.text)
    TIM4_IRQHandler                          0x08001bc7   Thumb Code     0  startup_stm32f10x_hd.o(.text)
    TIM6_IRQHandler                          0x08001bc7   Thumb Code     0  startup_stm32f10x_hd.o(.text)
    TIM7_IRQHandler                          0x08001bc7   Thumb Code     0  startup_stm32f10x_hd.o(.text)
    TIM8_BRK_IRQHandler                      0x08001bc7   Thumb Code     0  startup_stm32f10x_hd.o(.text)
    TIM8_CC_IRQHandler                       0x08001bc7   Thumb Code     0  startup_stm32f10x_hd.o(.text)
    TIM8_TRG_COM_IRQHandler                  0x08001bc7   Thumb Code     0  startup_stm32f10x_hd.o(.text)
    TIM8_UP_IRQHandler                       0x08001bc7   Thumb Code     0  startup_stm32f10x_hd.o(.text)
    UART4_IRQHandler                         0x08001bc7   Thumb Code     0  startup_stm32f10x_hd.o(.text)
    UART5_IRQHandler                         0x08001bc7   Thumb Code     0  startup_stm32f10x_hd.o(.text)
    USART1_IRQHandler                        0x08001bc7   Thumb Code     0  startup_stm32f10x_hd.o(.text)
    USART3_IRQHandler                        0x08001bc7   Thumb Code     0  startup_stm32f10x_hd.o(.text)
    USBWakeUp_IRQHandler                     0x08001bc7   Thumb Code     0  startup_stm32f10x_hd.o(.text)
    USB_HP_CAN1_TX_IRQHandler                0x08001bc7   Thumb Code     0  startup_stm32f10x_hd.o(.text)
    USB_LP_CAN1_RX0_IRQHandler               0x08001bc7   Thumb Code     0  startup_stm32f10x_hd.o(.text)
    WWDG_IRQHandler                          0x08001bc7   Thumb Code     0  startup_stm32f10x_hd.o(.text)
    GPIO_DeInit                              0x08001bd1   Thumb Code   172  stm32f10x_gpio.o(.text)
    GPIO_AFIODeInit                          0x08001c7d   Thumb Code    20  stm32f10x_gpio.o(.text)
    GPIO_Init                                0x08001c91   Thumb Code   278  stm32f10x_gpio.o(.text)
    GPIO_StructInit                          0x08001da7   Thumb Code    16  stm32f10x_gpio.o(.text)
    GPIO_ReadInputDataBit                    0x08001db7   Thumb Code    18  stm32f10x_gpio.o(.text)
    GPIO_ReadInputData                       0x08001dc9   Thumb Code     8  stm32f10x_gpio.o(.text)
    GPIO_ReadOutputDataBit                   0x08001dd1   Thumb Code    18  stm32f10x_gpio.o(.text)
    GPIO_ReadOutputData                      0x08001de3   Thumb Code     8  stm32f10x_gpio.o(.text)
    GPIO_SetBits                             0x08001deb   Thumb Code     4  stm32f10x_gpio.o(.text)
    GPIO_ResetBits                           0x08001def   Thumb Code     4  stm32f10x_gpio.o(.text)
    GPIO_WriteBit                            0x08001df3   Thumb Code    10  stm32f10x_gpio.o(.text)
    GPIO_Write                               0x08001dfd   Thumb Code     4  stm32f10x_gpio.o(.text)
    GPIO_PinLockConfig                       0x08001e01   Thumb Code    18  stm32f10x_gpio.o(.text)
    GPIO_EventOutputConfig                   0x08001e13   Thumb Code    26  stm32f10x_gpio.o(.text)
    GPIO_EventOutputCmd                      0x08001e2d   Thumb Code     6  stm32f10x_gpio.o(.text)
    GPIO_PinRemapConfig                      0x08001e33   Thumb Code   138  stm32f10x_gpio.o(.text)
    GPIO_EXTILineConfig                      0x08001ebd   Thumb Code    66  stm32f10x_gpio.o(.text)
    GPIO_ETH_MediaInterfaceConfig            0x08001eff   Thumb Code     8  stm32f10x_gpio.o(.text)
    RCC_DeInit                               0x08001f2d   Thumb Code    64  stm32f10x_rcc.o(.text)
    RCC_HSEConfig                            0x08001f6d   Thumb Code    70  stm32f10x_rcc.o(.text)
    RCC_GetFlagStatus                        0x08001fb3   Thumb Code    56  stm32f10x_rcc.o(.text)
    RCC_WaitForHSEStartUp                    0x08001feb   Thumb Code    56  stm32f10x_rcc.o(.text)
    RCC_AdjustHSICalibrationValue            0x08002023   Thumb Code    20  stm32f10x_rcc.o(.text)
    RCC_HSICmd                               0x08002037   Thumb Code     6  stm32f10x_rcc.o(.text)
    RCC_PLLConfig                            0x0800203d   Thumb Code    24  stm32f10x_rcc.o(.text)
    RCC_PLLCmd                               0x08002055   Thumb Code     6  stm32f10x_rcc.o(.text)
    RCC_SYSCLKConfig                         0x0800205b   Thumb Code    18  stm32f10x_rcc.o(.text)
    RCC_GetSYSCLKSource                      0x0800206d   Thumb Code    10  stm32f10x_rcc.o(.text)
    RCC_HCLKConfig                           0x08002077   Thumb Code    18  stm32f10x_rcc.o(.text)
    RCC_PCLK1Config                          0x08002089   Thumb Code    18  stm32f10x_rcc.o(.text)
    RCC_PCLK2Config                          0x0800209b   Thumb Code    20  stm32f10x_rcc.o(.text)
    RCC_ITConfig                             0x080020af   Thumb Code    26  stm32f10x_rcc.o(.text)
    RCC_USBCLKConfig                         0x080020c9   Thumb Code     8  stm32f10x_rcc.o(.text)
    RCC_ADCCLKConfig                         0x080020d1   Thumb Code    18  stm32f10x_rcc.o(.text)
    RCC_LSEConfig                            0x080020e3   Thumb Code    50  stm32f10x_rcc.o(.text)
    RCC_LSICmd                               0x08002115   Thumb Code     6  stm32f10x_rcc.o(.text)
    RCC_RTCCLKConfig                         0x0800211b   Thumb Code    12  stm32f10x_rcc.o(.text)
    RCC_RTCCLKCmd                            0x08002127   Thumb Code     8  stm32f10x_rcc.o(.text)
    RCC_GetClocksFreq                        0x0800212f   Thumb Code   192  stm32f10x_rcc.o(.text)
    RCC_AHBPeriphClockCmd                    0x080021ef   Thumb Code    26  stm32f10x_rcc.o(.text)
    RCC_APB2PeriphClockCmd                   0x08002209   Thumb Code    26  stm32f10x_rcc.o(.text)
    RCC_APB1PeriphClockCmd                   0x08002223   Thumb Code    26  stm32f10x_rcc.o(.text)
    RCC_APB2PeriphResetCmd                   0x0800223d   Thumb Code    26  stm32f10x_rcc.o(.text)
    RCC_APB1PeriphResetCmd                   0x08002257   Thumb Code    26  stm32f10x_rcc.o(.text)
    RCC_BackupResetCmd                       0x08002271   Thumb Code     8  stm32f10x_rcc.o(.text)
    RCC_ClockSecuritySystemCmd               0x08002279   Thumb Code     6  stm32f10x_rcc.o(.text)
    RCC_MCOConfig                            0x0800227f   Thumb Code     6  stm32f10x_rcc.o(.text)
    RCC_ClearFlag                            0x08002285   Thumb Code    14  stm32f10x_rcc.o(.text)
    RCC_GetITStatus                          0x08002293   Thumb Code    20  stm32f10x_rcc.o(.text)
    RCC_ClearITPendingBit                    0x080022a7   Thumb Code     6  stm32f10x_rcc.o(.text)
    USART_DeInit                             0x080022d1   Thumb Code   134  stm32f10x_usart.o(.text)
    USART_Init                               0x08002357   Thumb Code   210  stm32f10x_usart.o(.text)
    USART_StructInit                         0x08002429   Thumb Code    24  stm32f10x_usart.o(.text)
    USART_ClockInit                          0x08002441   Thumb Code    34  stm32f10x_usart.o(.text)
    USART_ClockStructInit                    0x08002463   Thumb Code    12  stm32f10x_usart.o(.text)
    USART_Cmd                                0x0800246f   Thumb Code    24  stm32f10x_usart.o(.text)
    USART_ITConfig                           0x08002487   Thumb Code    74  stm32f10x_usart.o(.text)
    USART_DMACmd                             0x080024d1   Thumb Code    18  stm32f10x_usart.o(.text)
    USART_SetAddress                         0x080024e3   Thumb Code    18  stm32f10x_usart.o(.text)
    USART_WakeUpConfig                       0x080024f5   Thumb Code    18  stm32f10x_usart.o(.text)
    USART_ReceiverWakeUpCmd                  0x08002507   Thumb Code    24  stm32f10x_usart.o(.text)
    USART_LINBreakDetectLengthConfig         0x0800251f   Thumb Code    18  stm32f10x_usart.o(.text)
    USART_LINCmd                             0x08002531   Thumb Code    24  stm32f10x_usart.o(.text)
    USART_SendData                           0x08002549   Thumb Code     8  stm32f10x_usart.o(.text)
    USART_ReceiveData                        0x08002551   Thumb Code    10  stm32f10x_usart.o(.text)
    USART_SendBreak                          0x0800255b   Thumb Code    10  stm32f10x_usart.o(.text)
    USART_SetGuardTime                       0x08002565   Thumb Code    16  stm32f10x_usart.o(.text)
    USART_SetPrescaler                       0x08002575   Thumb Code    16  stm32f10x_usart.o(.text)
    USART_SmartCardCmd                       0x08002585   Thumb Code    24  stm32f10x_usart.o(.text)
    USART_SmartCardNACKCmd                   0x0800259d   Thumb Code    24  stm32f10x_usart.o(.text)
    USART_HalfDuplexCmd                      0x080025b5   Thumb Code    24  stm32f10x_usart.o(.text)
    USART_OverSampling8Cmd                   0x080025cd   Thumb Code    22  stm32f10x_usart.o(.text)
    USART_OneBitMethodCmd                    0x080025e3   Thumb Code    24  stm32f10x_usart.o(.text)
    USART_IrDAConfig                         0x080025fb   Thumb Code    18  stm32f10x_usart.o(.text)
    USART_IrDACmd                            0x0800260d   Thumb Code    24  stm32f10x_usart.o(.text)
    USART_GetFlagStatus                      0x08002625   Thumb Code    26  stm32f10x_usart.o(.text)
    USART_ClearFlag                          0x0800263f   Thumb Code    18  stm32f10x_usart.o(.text)
    USART_GetITStatus                        0x08002651   Thumb Code    84  stm32f10x_usart.o(.text)
    USART_ClearITPendingBit                  0x080026a5   Thumb Code    52  stm32f10x_usart.o(.text)
    NVIC_PriorityGroupConfig                 0x080026d9   Thumb Code    10  misc.o(.text)
    NVIC_Init                                0x080026e3   Thumb Code   100  misc.o(.text)
    NVIC_SetVectorTable                      0x08002747   Thumb Code    14  misc.o(.text)
    NVIC_SystemLPConfig                      0x08002755   Thumb Code    34  misc.o(.text)
    SysTick_CLKSourceConfig                  0x08002777   Thumb Code    40  misc.o(.text)
    TIM_DeInit                               0x080027b5   Thumb Code   424  stm32f10x_tim.o(.text)
    TIM_TimeBaseInit                         0x0800295d   Thumb Code   122  stm32f10x_tim.o(.text)
    TIM_OC1Init                              0x080029d7   Thumb Code   132  stm32f10x_tim.o(.text)
    TIM_OC2Init                              0x08002a5b   Thumb Code   154  stm32f10x_tim.o(.text)
    TIM_OC3Init                              0x08002af5   Thumb Code   150  stm32f10x_tim.o(.text)
    TIM_OC4Init                              0x08002b8b   Thumb Code   182  stm32f10x_tim.o(.text)
    TIM_SetIC4Prescaler                      0x08002c41   Thumb Code    26  stm32f10x_tim.o(.text)
    TIM_SetIC3Prescaler                      0x08002cdd   Thumb Code    18  stm32f10x_tim.o(.text)
    TIM_SetIC2Prescaler                      0x08002d69   Thumb Code    26  stm32f10x_tim.o(.text)
    TIM_SetIC1Prescaler                      0x08002e05   Thumb Code    18  stm32f10x_tim.o(.text)
    TIM_ICInit                               0x08002e83   Thumb Code   150  stm32f10x_tim.o(.text)
    TIM_PWMIConfig                           0x08002f19   Thumb Code   124  stm32f10x_tim.o(.text)
    TIM_BDTRConfig                           0x08002f95   Thumb Code    32  stm32f10x_tim.o(.text)
    TIM_TimeBaseStructInit                   0x08002fb5   Thumb Code    18  stm32f10x_tim.o(.text)
    TIM_OCStructInit                         0x08002fc7   Thumb Code    20  stm32f10x_tim.o(.text)
    TIM_ICStructInit                         0x08002fdb   Thumb Code    18  stm32f10x_tim.o(.text)
    TIM_BDTRStructInit                       0x08002fed   Thumb Code    40  stm32f10x_tim.o(.text)
    TIM_Cmd                                  0x08003015   Thumb Code    24  stm32f10x_tim.o(.text)
    TIM_CtrlPWMOutputs                       0x0800302d   Thumb Code    30  stm32f10x_tim.o(.text)
    TIM_ITConfig                             0x0800304b   Thumb Code    18  stm32f10x_tim.o(.text)
    TIM_GenerateEvent                        0x0800305d   Thumb Code     4  stm32f10x_tim.o(.text)
    TIM_DMAConfig                            0x08003061   Thumb Code    10  stm32f10x_tim.o(.text)
    TIM_DMACmd                               0x0800306b   Thumb Code    18  stm32f10x_tim.o(.text)
    TIM_InternalClockConfig                  0x0800307d   Thumb Code    12  stm32f10x_tim.o(.text)
    TIM_SelectInputTrigger                   0x08003089   Thumb Code    18  stm32f10x_tim.o(.text)
    TIM_ITRxExternalClockConfig              0x0800309b   Thumb Code    24  stm32f10x_tim.o(.text)
    TIM_TIxExternalClockConfig               0x080030b3   Thumb Code    62  stm32f10x_tim.o(.text)
    TIM_ETRConfig                            0x080030f1   Thumb Code    28  stm32f10x_tim.o(.text)
    TIM_ETRClockMode1Config                  0x0800310d   Thumb Code    54  stm32f10x_tim.o(.text)
    TIM_ETRClockMode2Config                  0x08003143   Thumb Code    32  stm32f10x_tim.o(.text)
    TIM_PrescalerConfig                      0x08003163   Thumb Code     6  stm32f10x_tim.o(.text)
    TIM_CounterModeConfig                    0x08003169   Thumb Code    18  stm32f10x_tim.o(.text)
    TIM_EncoderInterfaceConfig               0x0800317b   Thumb Code    66  stm32f10x_tim.o(.text)
    TIM_ForcedOC1Config                      0x080031bd   Thumb Code    18  stm32f10x_tim.o(.text)
    TIM_ForcedOC2Config                      0x080031cf   Thumb Code    26  stm32f10x_tim.o(.text)
    TIM_ForcedOC3Config                      0x080031e9   Thumb Code    18  stm32f10x_tim.o(.text)
    TIM_ForcedOC4Config                      0x080031fb   Thumb Code    26  stm32f10x_tim.o(.text)
    TIM_ARRPreloadConfig                     0x08003215   Thumb Code    24  stm32f10x_tim.o(.text)
    TIM_SelectCOM                            0x0800322d   Thumb Code    24  stm32f10x_tim.o(.text)
    TIM_SelectCCDMA                          0x08003245   Thumb Code    24  stm32f10x_tim.o(.text)
    TIM_CCPreloadControl                     0x0800325d   Thumb Code    24  stm32f10x_tim.o(.text)
    TIM_OC1PreloadConfig                     0x08003275   Thumb Code    18  stm32f10x_tim.o(.text)
    TIM_OC2PreloadConfig                     0x08003287   Thumb Code    26  stm32f10x_tim.o(.text)
    TIM_OC3PreloadConfig                     0x080032a1   Thumb Code    18  stm32f10x_tim.o(.text)
    TIM_OC4PreloadConfig                     0x080032b3   Thumb Code    26  stm32f10x_tim.o(.text)
    TIM_OC1FastConfig                        0x080032cd   Thumb Code    18  stm32f10x_tim.o(.text)
    TIM_OC2FastConfig                        0x080032df   Thumb Code    26  stm32f10x_tim.o(.text)
    TIM_OC3FastConfig                        0x080032f9   Thumb Code    18  stm32f10x_tim.o(.text)
    TIM_OC4FastConfig                        0x0800330b   Thumb Code    26  stm32f10x_tim.o(.text)
    TIM_ClearOC1Ref                          0x08003325   Thumb Code    18  stm32f10x_tim.o(.text)
    TIM_ClearOC2Ref                          0x08003337   Thumb Code    24  stm32f10x_tim.o(.text)
    TIM_ClearOC3Ref                          0x0800334f   Thumb Code    18  stm32f10x_tim.o(.text)
    TIM_ClearOC4Ref                          0x08003361   Thumb Code    24  stm32f10x_tim.o(.text)
    TIM_OC1PolarityConfig                    0x08003379   Thumb Code    18  stm32f10x_tim.o(.text)
    TIM_OC1NPolarityConfig                   0x0800338b   Thumb Code    18  stm32f10x_tim.o(.text)
    TIM_OC2PolarityConfig                    0x0800339d   Thumb Code    26  stm32f10x_tim.o(.text)
    TIM_OC2NPolarityConfig                   0x080033b7   Thumb Code    26  stm32f10x_tim.o(.text)
    TIM_OC3PolarityConfig                    0x080033d1   Thumb Code    26  stm32f10x_tim.o(.text)
    TIM_OC3NPolarityConfig                   0x080033eb   Thumb Code    26  stm32f10x_tim.o(.text)
    TIM_OC4PolarityConfig                    0x08003405   Thumb Code    26  stm32f10x_tim.o(.text)
    TIM_CCxCmd                               0x0800341f   Thumb Code    30  stm32f10x_tim.o(.text)
    TIM_CCxNCmd                              0x0800343d   Thumb Code    30  stm32f10x_tim.o(.text)
    TIM_SelectOCxM                           0x0800345b   Thumb Code    82  stm32f10x_tim.o(.text)
    TIM_UpdateDisableConfig                  0x080034ad   Thumb Code    24  stm32f10x_tim.o(.text)
    TIM_UpdateRequestConfig                  0x080034c5   Thumb Code    24  stm32f10x_tim.o(.text)
    TIM_SelectHallSensor                     0x080034dd   Thumb Code    24  stm32f10x_tim.o(.text)
    TIM_SelectOnePulseMode                   0x080034f5   Thumb Code    18  stm32f10x_tim.o(.text)
    TIM_SelectOutputTrigger                  0x08003507   Thumb Code    18  stm32f10x_tim.o(.text)
    TIM_SelectSlaveMode                      0x08003519   Thumb Code    18  stm32f10x_tim.o(.text)
    TIM_SelectMasterSlaveMode                0x0800352b   Thumb Code    18  stm32f10x_tim.o(.text)
    TIM_SetCounter                           0x0800353d   Thumb Code     4  stm32f10x_tim.o(.text)
    TIM_SetAutoreload                        0x08003541   Thumb Code     4  stm32f10x_tim.o(.text)
    TIM_SetCompare1                          0x08003545   Thumb Code     4  stm32f10x_tim.o(.text)
    TIM_SetCompare2                          0x08003549   Thumb Code     4  stm32f10x_tim.o(.text)
    TIM_SetCompare3                          0x0800354d   Thumb Code     4  stm32f10x_tim.o(.text)
    TIM_SetCompare4                          0x08003551   Thumb Code     6  stm32f10x_tim.o(.text)
    TIM_SetClockDivision                     0x08003557   Thumb Code    18  stm32f10x_tim.o(.text)
    TIM_GetCapture1                          0x08003569   Thumb Code     6  stm32f10x_tim.o(.text)
    TIM_GetCapture2                          0x0800356f   Thumb Code     6  stm32f10x_tim.o(.text)
    TIM_GetCapture3                          0x08003575   Thumb Code     6  stm32f10x_tim.o(.text)
    TIM_GetCapture4                          0x0800357b   Thumb Code     8  stm32f10x_tim.o(.text)
    TIM_GetCounter                           0x08003583   Thumb Code     6  stm32f10x_tim.o(.text)
    TIM_GetPrescaler                         0x08003589   Thumb Code     6  stm32f10x_tim.o(.text)
    TIM_GetFlagStatus                        0x0800358f   Thumb Code    18  stm32f10x_tim.o(.text)
    TIM_ClearFlag                            0x080035a1   Thumb Code     6  stm32f10x_tim.o(.text)
    TIM_GetITStatus                          0x080035a7   Thumb Code    34  stm32f10x_tim.o(.text)
    TIM_ClearITPendingBit                    0x080035c9   Thumb Code     6  stm32f10x_tim.o(.text)
    MPU_Write_Byte                           0x080035d1   Thumb Code    68  mpu6050.o(.text)
    MPU_Set_LPF                              0x08003615   Thumb Code    58  mpu6050.o(.text)
    MPU_Set_Rate                             0x0800364f   Thumb Code    58  mpu6050.o(.text)
    MPU_Read_Byte                            0x08003689   Thumb Code    58  mpu6050.o(.text)
    MPU_Set_Accel_Fsr                        0x080036c3   Thumb Code    16  mpu6050.o(.text)
    MPU_Set_Gyro_Fsr                         0x080036d3   Thumb Code    16  mpu6050.o(.text)
    MPU_Init                                 0x080036e3   Thumb Code   122  mpu6050.o(.text)
    MPU_Read_Len                             0x0800375d   Thumb Code   116  mpu6050.o(.text)
    MPU_Get_Temperature                      0x080037d1   Thumb Code    86  mpu6050.o(.text)
    MPU_Get_Gyroscope                        0x08003827   Thumb Code    80  mpu6050.o(.text)
    MPU_Get_Accelerometer                    0x08003877   Thumb Code    80  mpu6050.o(.text)
    MPU_Write_Len                            0x080038c7   Thumb Code    96  mpu6050.o(.text)
    MPU_IIC_Delay                            0x08003939   Thumb Code    10  mpuiic.o(.text)
    MPU_IIC_Init                             0x08003943   Thumb Code    38  mpuiic.o(.text)
    MPU_IIC_Start                            0x08003969   Thumb Code    60  mpuiic.o(.text)
    MPU_IIC_Stop                             0x080039a5   Thumb Code    62  mpuiic.o(.text)
    MPU_IIC_Wait_Ack                         0x080039e3   Thumb Code    86  mpuiic.o(.text)
    MPU_IIC_Ack                              0x08003a39   Thumb Code    66  mpuiic.o(.text)
    MPU_IIC_NAck                             0x08003a7b   Thumb Code    66  mpuiic.o(.text)
    MPU_IIC_Send_Byte                        0x08003abd   Thumb Code    82  mpuiic.o(.text)
    MPU_IIC_Read_Byte                        0x08003b0f   Thumb Code    96  mpuiic.o(.text)
    mpu_reg_dump                             0x08003c07   Thumb Code    84  inv_mpu.o(.text)
    mpu_read_reg                             0x08003c5b   Thumb Code    66  inv_mpu.o(.text)
    mpu_set_int_latched                      0x08003c9d   Thumb Code   102  inv_mpu.o(.text)
    mpu_set_sensors                          0x08003d03   Thumb Code   202  inv_mpu.o(.text)
    mpu_set_bypass                           0x08003dcd   Thumb Code   328  inv_mpu.o(.text)
    mpu_reset_fifo                           0x08003f15   Thumb Code   472  inv_mpu.o(.text)
    mpu_configure_fifo                       0x080040ed   Thumb Code   106  inv_mpu.o(.text)
    mpu_set_lpf                              0x08004157   Thumb Code   126  inv_mpu.o(.text)
    mpu_lp_accel_mode                        0x080041d5   Thumb Code   218  inv_mpu.o(.text)
    mpu_set_sample_rate                      0x080042af   Thumb Code   152  inv_mpu.o(.text)
    mpu_set_accel_fsr                        0x08004347   Thumb Code   132  inv_mpu.o(.text)
    mpu_set_gyro_fsr                         0x080043cb   Thumb Code   132  inv_mpu.o(.text)
    mpu_init                                 0x0800444f   Thumb Code   416  inv_mpu.o(.text)
    mget_ms                                  0x080045ef   Thumb Code     2  inv_mpu.o(.text)
    mpu_get_gyro_reg                         0x080045f1   Thumb Code   110  inv_mpu.o(.text)
    mpu_get_accel_reg                        0x0800465f   Thumb Code   110  inv_mpu.o(.text)
    mpu_get_temperature                      0x080046cd   Thumb Code   150  inv_mpu.o(.text)
    mpu_set_accel_bias                       0x08004763   Thumb Code   468  inv_mpu.o(.text)
    mpu_get_gyro_fsr                         0x08004937   Thumb Code    64  inv_mpu.o(.text)
    mpu_get_accel_fsr                        0x08004977   Thumb Code    72  inv_mpu.o(.text)
    mpu_get_lpf                              0x080049bf   Thumb Code    74  inv_mpu.o(.text)
    mpu_get_sample_rate                      0x08004a09   Thumb Code    26  inv_mpu.o(.text)
    mpu_get_compass_sample_rate              0x08004a23   Thumb Code    10  inv_mpu.o(.text)
    mpu_set_compass_sample_rate              0x08004a2d   Thumb Code     8  inv_mpu.o(.text)
    mpu_get_gyro_sens                        0x08004a35   Thumb Code    58  inv_mpu.o(.text)
    mpu_get_accel_sens                       0x08004a6f   Thumb Code    78  inv_mpu.o(.text)
    mpu_get_fifo_config                      0x08004abd   Thumb Code    12  inv_mpu.o(.text)
    mpu_get_power_state                      0x08004ac9   Thumb Code    22  inv_mpu.o(.text)
    mpu_get_int_status                       0x08004adf   Thumb Code    64  inv_mpu.o(.text)
    mpu_read_fifo                            0x08004b1f   Thumb Code   520  inv_mpu.o(.text)
    mpu_read_fifo_stream                     0x08004d27   Thumb Code   186  inv_mpu.o(.text)
    mpu_set_int_level                        0x08004de1   Thumb Code    12  inv_mpu.o(.text)
    mpu_set_dmp_state                        0x080054bf   Thumb Code   138  inv_mpu.o(.text)
    mpu_run_self_test                        0x08005549   Thumb Code   278  inv_mpu.o(.text)
    mpu_write_mem                            0x0800565f   Thumb Code   122  inv_mpu.o(.text)
    mpu_read_mem                             0x080056d9   Thumb Code   122  inv_mpu.o(.text)
    mpu_load_firmware                        0x08005753   Thumb Code   192  inv_mpu.o(.text)
    mpu_get_dmp_state                        0x08005813   Thumb Code    14  inv_mpu.o(.text)
    setup_compass                            0x08005821   Thumb Code     6  inv_mpu.o(.text)
    mpu_get_compass_reg                      0x08005827   Thumb Code     8  inv_mpu.o(.text)
    mpu_get_compass_fsr                      0x0800582f   Thumb Code     8  inv_mpu.o(.text)
    mpu_lp_motion_interrupt                  0x08005837   Thumb Code   512  inv_mpu.o(.text)
    run_self_test                            0x08005a37   Thumb Code   148  inv_mpu.o(.text)
    inv_row_2_scale                          0x08005acb   Thumb Code    78  inv_mpu.o(.text)
    inv_orientation_matrix_to_scalar         0x08005b19   Thumb Code    40  inv_mpu.o(.text)
    mpu_dmp_init                             0x08005b41   Thumb Code   148  inv_mpu.o(.text)
    mpu_dmp_get_data                         0x08005bd5   Thumb Code   554  inv_mpu.o(.text)
    dmp_load_motion_driver_firmware          0x08005e05   Thumb Code    20  inv_mpu_dmp_motion_driver.o(.text)
    dmp_set_orientation                      0x08005e19   Thumb Code   290  inv_mpu_dmp_motion_driver.o(.text)
    dmp_set_gyro_bias                        0x08005f3b   Thumb Code   294  inv_mpu_dmp_motion_driver.o(.text)
    dmp_set_accel_bias                       0x08006061   Thumb Code   300  inv_mpu_dmp_motion_driver.o(.text)
    dmp_set_fifo_rate                        0x0800618d   Thumb Code   136  inv_mpu_dmp_motion_driver.o(.text)
    dmp_get_fifo_rate                        0x08006215   Thumb Code    12  inv_mpu_dmp_motion_driver.o(.text)
    dmp_set_tap_thresh                       0x08006221   Thumb Code   396  inv_mpu_dmp_motion_driver.o(.text)
    dmp_set_tap_axes                         0x080063ad   Thumb Code    70  inv_mpu_dmp_motion_driver.o(.text)
    dmp_set_tap_count                        0x080063f3   Thumb Code    38  inv_mpu_dmp_motion_driver.o(.text)
    dmp_set_tap_time                         0x08006419   Thumb Code    38  inv_mpu_dmp_motion_driver.o(.text)
    dmp_set_tap_time_multi                   0x0800643f   Thumb Code    38  inv_mpu_dmp_motion_driver.o(.text)
    dmp_set_shake_reject_thresh              0x08006465   Thumb Code    56  inv_mpu_dmp_motion_driver.o(.text)
    dmp_set_shake_reject_time                0x0800649d   Thumb Code    38  inv_mpu_dmp_motion_driver.o(.text)
    dmp_set_shake_reject_timeout             0x080064c3   Thumb Code    38  inv_mpu_dmp_motion_driver.o(.text)
    dmp_get_pedometer_step_count             0x080064e9   Thumb Code    66  inv_mpu_dmp_motion_driver.o(.text)
    dmp_set_pedometer_step_count             0x0800652b   Thumb Code    42  inv_mpu_dmp_motion_driver.o(.text)
    dmp_get_pedometer_walk_time              0x08006555   Thumb Code    72  inv_mpu_dmp_motion_driver.o(.text)
    dmp_set_pedometer_walk_time              0x0800659d   Thumb Code    48  inv_mpu_dmp_motion_driver.o(.text)
    dmp_enable_6x_lp_quat                    0x080065cd   Thumb Code    84  inv_mpu_dmp_motion_driver.o(.text)
    dmp_enable_lp_quat                       0x08006621   Thumb Code    60  inv_mpu_dmp_motion_driver.o(.text)
    dmp_enable_gyro_cal                      0x0800665d   Thumb Code    62  inv_mpu_dmp_motion_driver.o(.text)
    dmp_enable_feature                       0x0800669b   Thumb Code   530  inv_mpu_dmp_motion_driver.o(.text)
    dmp_get_enabled_features                 0x080068ad   Thumb Code    12  inv_mpu_dmp_motion_driver.o(.text)
    dmp_set_interrupt_mode                   0x08006917   Thumb Code    66  inv_mpu_dmp_motion_driver.o(.text)
    dmp_read_fifo                            0x08006959   Thumb Code   514  inv_mpu_dmp_motion_driver.o(.text)
    dmp_register_tap_cb                      0x08006b5b   Thumb Code    10  inv_mpu_dmp_motion_driver.o(.text)
    dmp_register_android_orient_cb           0x08006b65   Thumb Code    10  inv_mpu_dmp_motion_driver.o(.text)
    __aeabi_ldivmod                          0x08006b75   Thumb Code    98  ldiv.o(.text)
    __aeabi_memset                           0x08006bd7   Thumb Code    14  memseta.o(.text)
    __aeabi_memset4                          0x08006bd7   Thumb Code     0  memseta.o(.text)
    __aeabi_memset8                          0x08006bd7   Thumb Code     0  memseta.o(.text)
    __aeabi_memclr                           0x08006be5   Thumb Code     4  memseta.o(.text)
    __aeabi_memclr4                          0x08006be5   Thumb Code     0  memseta.o(.text)
    __aeabi_memclr8                          0x08006be5   Thumb Code     0  memseta.o(.text)
    _memset$wrapper                          0x08006be9   Thumb Code    18  memseta.o(.text)
    memcmp                                   0x08006bfb   Thumb Code    26  memcmp.o(.text)
    __aeabi_fadd                             0x08006c15   Thumb Code   164  fadd.o(.text)
    __aeabi_fsub                             0x08006cb9   Thumb Code     6  fadd.o(.text)
    __aeabi_frsub                            0x08006cbf   Thumb Code     6  fadd.o(.text)
    __aeabi_fmul                             0x08006cc5   Thumb Code   100  fmul.o(.text)
    __aeabi_fdiv                             0x08006d29   Thumb Code   124  fdiv.o(.text)
    __aeabi_dadd                             0x08006da5   Thumb Code   322  dadd.o(.text)
    __aeabi_dsub                             0x08006ee7   Thumb Code     6  dadd.o(.text)
    __aeabi_drsub                            0x08006eed   Thumb Code     6  dadd.o(.text)
    __aeabi_dmul                             0x08006ef3   Thumb Code   228  dmul.o(.text)
    __aeabi_ddiv                             0x08006fd7   Thumb Code   222  ddiv.o(.text)
    __aeabi_i2f                              0x080070b5   Thumb Code    18  fflti.o(.text)
    __aeabi_ui2f                             0x080070c7   Thumb Code    10  ffltui.o(.text)
    __aeabi_i2d                              0x080070d1   Thumb Code    34  dflti.o(.text)
    __aeabi_ui2d                             0x080070f3   Thumb Code    26  dfltui.o(.text)
    __aeabi_f2iz                             0x0800710d   Thumb Code    50  ffixi.o(.text)
    __aeabi_f2uiz                            0x0800713f   Thumb Code    40  ffixui.o(.text)
    __aeabi_d2iz                             0x08007167   Thumb Code    62  dfixi.o(.text)
    __aeabi_d2uiz                            0x080071a5   Thumb Code    50  dfixui.o(.text)
    __aeabi_f2d                              0x080071d7   Thumb Code    38  f2d.o(.text)
    __aeabi_cdcmpeq                          0x080071fd   Thumb Code     0  cdcmple.o(.text)
    __aeabi_cdcmple                          0x080071fd   Thumb Code    48  cdcmple.o(.text)
    __aeabi_d2f                              0x0800722d   Thumb Code    56  d2f.o(.text)
    __aeabi_cfcmpeq                          0x08007265   Thumb Code     0  cfcmple.o(.text)
    __aeabi_cfcmple                          0x08007265   Thumb Code    20  cfcmple.o(.text)
    __aeabi_cfrcmple                         0x08007279   Thumb Code    20  cfrcmple.o(.text)
    __aeabi_uldivmod                         0x0800728d   Thumb Code    98  uldiv.o(.text)
    __aeabi_llsl                             0x080072ef   Thumb Code    30  llshl.o(.text)
    _ll_shift_l                              0x080072ef   Thumb Code     0  llshl.o(.text)
    __aeabi_llsr                             0x0800730d   Thumb Code    32  llushr.o(.text)
    _ll_ushift_r                             0x0800730d   Thumb Code     0  llushr.o(.text)
    __aeabi_lasr                             0x0800732d   Thumb Code    36  llsshr.o(.text)
    _ll_sshift_r                             0x0800732d   Thumb Code     0  llsshr.o(.text)
    __I$use$fp                               0x08007351   Thumb Code     0  iusefp.o(.text)
    _float_round                             0x08007351   Thumb Code    18  fepilogue.o(.text)
    _float_epilogue                          0x08007363   Thumb Code    92  fepilogue.o(.text)
    _double_round                            0x080073bf   Thumb Code    30  depilogue.o(.text)
    _double_epilogue                         0x080073dd   Thumb Code   156  depilogue.o(.text)
    __ARM_scalbn                             0x08007479   Thumb Code    46  dscalb.o(.text)
    scalbn                                   0x08007479   Thumb Code     0  dscalb.o(.text)
    __scatterload                            0x080074a9   Thumb Code    28  init.o(.text)
    __scatterload_rt2                        0x080074a9   Thumb Code     0  init.o(.text)
    _dsqrt                                   0x080074cd   Thumb Code   162  dsqrt.o(.text)
    __0printf$8                              0x08007571   Thumb Code    22  printf8.o(i.__0printf$8)
    __1printf$8                              0x08007571   Thumb Code     0  printf8.o(i.__0printf$8)
    __2printf                                0x08007571   Thumb Code     0  printf8.o(i.__0printf$8)
    __ARM_fpclassify                         0x08007591   Thumb Code    40  fpclassify.o(i.__ARM_fpclassify)
    __kernel_poly                            0x080075b9   Thumb Code   170  poly.o(i.__kernel_poly)
    __mathlib_dbl_infnan                     0x08007663   Thumb Code     6  dunder.o(i.__mathlib_dbl_infnan)
    __mathlib_dbl_infnan2                    0x08007669   Thumb Code     4  dunder.o(i.__mathlib_dbl_infnan2)
    __mathlib_dbl_invalid                    0x0800766d   Thumb Code    12  dunder.o(i.__mathlib_dbl_invalid)
    __mathlib_dbl_underflow                  0x08007679   Thumb Code    10  dunder.o(i.__mathlib_dbl_underflow)
    __scatterload_copy                       0x08007689   Thumb Code    14  handlers.o(i.__scatterload_copy)
    __scatterload_null                       0x08007697   Thumb Code     2  handlers.o(i.__scatterload_null)
    __scatterload_zeroinit                   0x08007699   Thumb Code    14  handlers.o(i.__scatterload_zeroinit)
    __set_errno                              0x080076a9   Thumb Code     6  errno.o(i.__set_errno)
    asin                                     0x08007b0d   Thumb Code   572  asin.o(i.asin)
    atan                                     0x08007d7d   Thumb Code   474  atan.o(i.atan)
    atan2                                    0x08007f9d   Thumb Code   374  atan2.o(i.atan2)
    sqrt                                     0x08008139   Thumb Code    76  sqrt.o(i.sqrt)
    F6x8                                     0x08008184   Data         552  oled.o(.constdata)
    F8X16                                    0x080083ac   Data        1520  oled.o(.constdata)
    reg                                      0x0800899c   Data          27  inv_mpu.o(.constdata)
    hw                                       0x080089b8   Data          12  inv_mpu.o(.constdata)
    test                                     0x080089c4   Data          40  inv_mpu.o(.constdata)
    __mathlib_zero                           0x080096d0   Data           8  qnan.o(.constdata)
    Region$$Table$$Base                      0x08009728   Number         0  anon$$obj.o(Region$$Table)
    Region$$Table$$Limit                     0x08009748   Number         0  anon$$obj.o(Region$$Table)
    g_ucalHW_Read                            0x20000000   Data           4  main.o(.data)
    err                                      0x20000004   Data           1  main.o(.data)
    out1                                     0x20000006   Data           2  main.o(.data)
    out2                                     0x20000008   Data           2  main.o(.data)
    PID_value                                0x2000000a   Data           2  main.o(.data)
    g_ThisState                              0x2000000c   Data           1  main.o(.data)
    g_LastState                              0x2000000d   Data           1  main.o(.data)
    speed                                    0x2000000e   Data           2  main.o(.data)
    flag                                     0x20000010   Data           4  main.o(.data)
    pitch                                    0x20000014   Data           4  main.o(.data)
    roll                                     0x20000018   Data           4  main.o(.data)
    yaw                                      0x2000001c   Data           4  main.o(.data)
    accx                                     0x20000020   Data           2  main.o(.data)
    accy                                     0x20000022   Data           2  main.o(.data)
    accz                                     0x20000024   Data           2  main.o(.data)
    gyrox                                    0x20000026   Data           2  main.o(.data)
    gyroy                                    0x20000028   Data           2  main.o(.data)
    gyroz                                    0x2000002a   Data           2  main.o(.data)
    Encoder_Left                             0x2000002c   Data           2  main.o(.data)
    Encoder_Right                            0x2000002e   Data           2  main.o(.data)
    time                                     0x20000030   Data           4  main.o(.data)
    temp                                     0x20000034   Data           4  main.o(.data)
    SystemCoreClock                          0x20000038   Data           4  system_stm32f10x.o(.data)
    AHBPrescTable                            0x2000003c   Data          16  system_stm32f10x.o(.data)
    g_fmpu6050YawMovePidOut                  0x2000004c   Data           4  pid.o(.data)
    g_fmpu6050YawMovePidOut1                 0x20000050   Data           4  pid.o(.data)
    g_fmpu6050YawMovePidOut2                 0x20000054   Data           4  pid.o(.data)
    Turn_Kd                                  0x20000058   Data           4  pid.o(.data)
    Turn_Kp                                  0x2000005c   Data           4  pid.o(.data)
    last_err                                 0x20000070   Data           1  control.o(.data)
    __stdout                                 0x20000084   Data           4  usart.o(.data)
    USART_RX_STA                             0x20000088   Data           2  usart.o(.data)
    g_read_value                             0x200000dc   Data          20  main.o(.bss)
    pidMotorSpeed                            0x200000f0   Data          32  pid.o(.bss)
    pidMPU6050YawMovement                    0x20000110   Data          32  pid.o(.bss)
    __initial_sp                             0x20000540   Data           0  startup_stm32f10x_hd.o(STACK)



==============================================================================

Memory Map of the image

  Image Entry point : 0x08000131

  Load Region LR_IROM1 (Base: 0x08000000, Size: 0x00009824, Max: 0x00040000, ABSOLUTE)

    Execution Region ER_IROM1 (Exec base: 0x08000000, Load base: 0x08000000, Size: 0x00009748, Max: 0x00040000, ABSOLUTE)

    Exec Addr    Load Addr    Size         Type   Attr      Idx    E Section Name        Object

    0x08000000   0x08000000   0x00000130   Data   RO          430    RESET               startup_stm32f10x_hd.o
    0x08000130   0x08000130   0x00000000   Code   RO          607  * .ARM.Collect$$$$00000000  mc_w.l(entry.o)
    0x08000130   0x08000130   0x00000004   Code   RO          952    .ARM.Collect$$$$00000001  mc_w.l(entry2.o)
    0x08000134   0x08000134   0x00000004   Code   RO          955    .ARM.Collect$$$$00000004  mc_w.l(entry5.o)
    0x08000138   0x08000138   0x00000000   Code   RO          957    .ARM.Collect$$$$00000008  mc_w.l(entry7b.o)
    0x08000138   0x08000138   0x00000000   Code   RO          959    .ARM.Collect$$$$0000000A  mc_w.l(entry8b.o)
    0x08000138   0x08000138   0x00000008   Code   RO          960    .ARM.Collect$$$$0000000B  mc_w.l(entry9a.o)
    0x08000140   0x08000140   0x00000004   Code   RO          967    .ARM.Collect$$$$0000000E  mc_w.l(entry12b.o)
    0x08000144   0x08000144   0x00000000   Code   RO          962    .ARM.Collect$$$$0000000F  mc_w.l(entry10a.o)
    0x08000144   0x08000144   0x00000000   Code   RO          964    .ARM.Collect$$$$00000011  mc_w.l(entry11a.o)
    0x08000144   0x08000144   0x00000004   Code   RO          953    .ARM.Collect$$$$00002712  mc_w.l(entry2.o)
    0x08000148   0x08000148   0x00000174   Code   RO            1    .text               main.o
    0x080002bc   0x080002bc   0x0000001a   Code   RO          164    .text               stm32f10x_it.o
    0x080002d6   0x080002d6   0x00000002   PAD
    0x080002d8   0x080002d8   0x000001e0   Code   RO          205    .text               system_stm32f10x.o
    0x080004b8   0x080004b8   0x000000a4   Code   RO          223    .text               led.o
    0x0800055c   0x0800055c   0x0000006c   Code   RO          235    .text               motor.o
    0x080005c8   0x080005c8   0x000000c8   Code   RO          250    .text               pwm.o
    0x08000690   0x08000690   0x00000afc   Code   RO          262    .text               oled.o
    0x0800118c   0x0800118c   0x000000b8   Code   RO          281    .text               timer.o
    0x08001244   0x08001244   0x000001ac   Code   RO          302    .text               pid.o
    0x080013f0   0x080013f0   0x00000170   Code   RO          322    .text               encoder.o
    0x08001560   0x08001560   0x00000080   Code   RO          334    .text               key.o
    0x080015e0   0x080015e0   0x00000320   Code   RO          346    .text               control.o
    0x08001900   0x08001900   0x000000d4   Code   RO          362    .text               delay.o
    0x080019d4   0x080019d4   0x000001d8   Code   RO          393    .text               usart.o
    0x08001bac   0x08001bac   0x00000024   Code   RO          431    .text               startup_stm32f10x_hd.o
    0x08001bd0   0x08001bd0   0x0000035c   Code   RO          435    .text               stm32f10x_gpio.o
    0x08001f2c   0x08001f2c   0x000003a4   Code   RO          447    .text               stm32f10x_rcc.o
    0x080022d0   0x080022d0   0x00000408   Code   RO          461    .text               stm32f10x_usart.o
    0x080026d8   0x080026d8   0x000000dc   Code   RO          473    .text               misc.o
    0x080027b4   0x080027b4   0x00000e1a   Code   RO          497    .text               stm32f10x_tim.o
    0x080035ce   0x080035ce   0x00000002   PAD
    0x080035d0   0x080035d0   0x00000368   Code   RO          509    .text               mpu6050.o
    0x08003938   0x08003938   0x00000244   Code   RO          525    .text               mpuiic.o
    0x08003b7c   0x08003b7c   0x00002288   Code   RO          537    .text               inv_mpu.o
    0x08005e04   0x08005e04   0x00000d70   Code   RO          564    .text               inv_mpu_dmp_motion_driver.o
    0x08006b74   0x08006b74   0x00000062   Code   RO          610    .text               mc_w.l(ldiv.o)
    0x08006bd6   0x08006bd6   0x00000024   Code   RO          612    .text               mc_w.l(memseta.o)
    0x08006bfa   0x08006bfa   0x0000001a   Code   RO          614    .text               mc_w.l(memcmp.o)
    0x08006c14   0x08006c14   0x000000b0   Code   RO          877    .text               mf_w.l(fadd.o)
    0x08006cc4   0x08006cc4   0x00000064   Code   RO          879    .text               mf_w.l(fmul.o)
    0x08006d28   0x08006d28   0x0000007c   Code   RO          881    .text               mf_w.l(fdiv.o)
    0x08006da4   0x08006da4   0x0000014e   Code   RO          883    .text               mf_w.l(dadd.o)
    0x08006ef2   0x08006ef2   0x000000e4   Code   RO          885    .text               mf_w.l(dmul.o)
    0x08006fd6   0x08006fd6   0x000000de   Code   RO          887    .text               mf_w.l(ddiv.o)
    0x080070b4   0x080070b4   0x00000012   Code   RO          889    .text               mf_w.l(fflti.o)
    0x080070c6   0x080070c6   0x0000000a   Code   RO          891    .text               mf_w.l(ffltui.o)
    0x080070d0   0x080070d0   0x00000022   Code   RO          893    .text               mf_w.l(dflti.o)
    0x080070f2   0x080070f2   0x0000001a   Code   RO          895    .text               mf_w.l(dfltui.o)
    0x0800710c   0x0800710c   0x00000032   Code   RO          897    .text               mf_w.l(ffixi.o)
    0x0800713e   0x0800713e   0x00000028   Code   RO          899    .text               mf_w.l(ffixui.o)
    0x08007166   0x08007166   0x0000003e   Code   RO          901    .text               mf_w.l(dfixi.o)
    0x080071a4   0x080071a4   0x00000032   Code   RO          903    .text               mf_w.l(dfixui.o)
    0x080071d6   0x080071d6   0x00000026   Code   RO          905    .text               mf_w.l(f2d.o)
    0x080071fc   0x080071fc   0x00000030   Code   RO          907    .text               mf_w.l(cdcmple.o)
    0x0800722c   0x0800722c   0x00000038   Code   RO          909    .text               mf_w.l(d2f.o)
    0x08007264   0x08007264   0x00000014   Code   RO          911    .text               mf_w.l(cfcmple.o)
    0x08007278   0x08007278   0x00000014   Code   RO          913    .text               mf_w.l(cfrcmple.o)
    0x0800728c   0x0800728c   0x00000062   Code   RO          970    .text               mc_w.l(uldiv.o)
    0x080072ee   0x080072ee   0x0000001e   Code   RO          972    .text               mc_w.l(llshl.o)
    0x0800730c   0x0800730c   0x00000020   Code   RO          974    .text               mc_w.l(llushr.o)
    0x0800732c   0x0800732c   0x00000024   Code   RO          976    .text               mc_w.l(llsshr.o)
    0x08007350   0x08007350   0x00000000   Code   RO          985    .text               mc_w.l(iusefp.o)
    0x08007350   0x08007350   0x0000006e   Code   RO          986    .text               mf_w.l(fepilogue.o)
    0x080073be   0x080073be   0x000000ba   Code   RO          988    .text               mf_w.l(depilogue.o)
    0x08007478   0x08007478   0x0000002e   Code   RO          990    .text               mf_w.l(dscalb.o)
    0x080074a6   0x080074a6   0x00000002   PAD
    0x080074a8   0x080074a8   0x00000024   Code   RO          996    .text               mc_w.l(init.o)
    0x080074cc   0x080074cc   0x000000a2   Code   RO          998    .text               mf_w.l(dsqrt.o)
    0x0800756e   0x0800756e   0x00000002   PAD
    0x08007570   0x08007570   0x00000020   Code   RO          823    i.__0printf$8       mc_w.l(printf8.o)
    0x08007590   0x08007590   0x00000028   Code   RO          939    i.__ARM_fpclassify  m_ws.l(fpclassify.o)
    0x080075b8   0x080075b8   0x000000aa   Code   RO          941    i.__kernel_poly     m_ws.l(poly.o)
    0x08007662   0x08007662   0x00000006   Code   RO          926    i.__mathlib_dbl_infnan  m_ws.l(dunder.o)
    0x08007668   0x08007668   0x00000004   Code   RO          927    i.__mathlib_dbl_infnan2  m_ws.l(dunder.o)
    0x0800766c   0x0800766c   0x0000000c   Code   RO          928    i.__mathlib_dbl_invalid  m_ws.l(dunder.o)
    0x08007678   0x08007678   0x00000010   Code   RO          931    i.__mathlib_dbl_underflow  m_ws.l(dunder.o)
    0x08007688   0x08007688   0x0000000e   Code   RO         1002    i.__scatterload_copy  mc_w.l(handlers.o)
    0x08007696   0x08007696   0x00000002   Code   RO         1003    i.__scatterload_null  mc_w.l(handlers.o)
    0x08007698   0x08007698   0x0000000e   Code   RO         1004    i.__scatterload_zeroinit  mc_w.l(handlers.o)
    0x080076a6   0x080076a6   0x00000002   PAD
    0x080076a8   0x080076a8   0x0000000c   Code   RO          980    i.__set_errno       mc_w.l(errno.o)
    0x080076b4   0x080076b4   0x00000404   Code   RO          830    i._printf_core      mc_w.l(printf8.o)
    0x08007ab8   0x08007ab8   0x00000024   Code   RO          831    i._printf_post_padding  mc_w.l(printf8.o)
    0x08007adc   0x08007adc   0x0000002e   Code   RO          832    i._printf_pre_padding  mc_w.l(printf8.o)
    0x08007b0a   0x08007b0a   0x00000002   PAD
    0x08007b0c   0x08007b0c   0x00000270   Code   RO          590    i.asin              m_ws.l(asin.o)
    0x08007d7c   0x08007d7c   0x00000220   Code   RO          916    i.atan              m_ws.l(atan.o)
    0x08007f9c   0x08007f9c   0x0000019c   Code   RO          600    i.atan2             m_ws.l(atan2.o)
    0x08008138   0x08008138   0x0000004c   Code   RO          945    i.sqrt              m_ws.l(sqrt.o)
    0x08008184   0x08008184   0x00000818   Data   RO          263    .constdata          oled.o
    0x0800899c   0x0800899c   0x00000050   Data   RO          538    .constdata          inv_mpu.o
    0x080089ec   0x080089ec   0x00000bf6   Data   RO          566    .constdata          inv_mpu_dmp_motion_driver.o
    0x080095e2   0x080095e2   0x00000006   PAD
    0x080095e8   0x080095e8   0x00000050   Data   RO          591    .constdata          m_ws.l(asin.o)
    0x08009638   0x08009638   0x00000098   Data   RO          917    .constdata          m_ws.l(atan.o)
    0x080096d0   0x080096d0   0x00000008   Data   RO          943    .constdata          m_ws.l(qnan.o)
    0x080096d8   0x080096d8   0x0000004d   Data   RO          539    .conststring        inv_mpu.o
    0x08009725   0x08009725   0x00000003   PAD
    0x08009728   0x08009728   0x00000020   Data   RO         1000    Region$$Table       anon$$obj.o


    Execution Region RW_IRAM1 (Exec base: 0x20000000, Load base: 0x08009748, Size: 0x00000540, Max: 0x0000c000, ABSOLUTE)

    Exec Addr    Load Addr    Size         Type   Attr      Idx    E Section Name        Object

    0x20000000   0x08009748   0x00000038   Data   RW            3    .data               main.o
    0x20000038   0x08009780   0x00000014   Data   RW          206    .data               system_stm32f10x.o
    0x2000004c   0x08009794   0x00000024   Data   RW          304    .data               pid.o
    0x20000070   0x080097b8   0x00000010   Data   RW          347    .data               control.o
    0x20000080   0x080097c8   0x00000004   Data   RW          363    .data               delay.o
    0x20000084   0x080097cc   0x00000006   Data   RW          395    .data               usart.o
    0x2000008a   0x080097d2   0x00000014   Data   RW          448    .data               stm32f10x_rcc.o
    0x2000009e   0x080097e6   0x00000002   PAD
    0x200000a0   0x080097e8   0x00000035   Data   RW          540    .data               inv_mpu.o
    0x200000d5   0x0800981d   0x00000003   PAD
    0x200000d8   0x08009820   0x00000004   Data   RW          981    .data               mc_w.l(errno.o)
    0x200000dc        -       0x00000014   Zero   RW            2    .bss                main.o
    0x200000f0        -       0x00000040   Zero   RW          303    .bss                pid.o
    0x20000130        -       0x00000010   Zero   RW          565    .bss                inv_mpu_dmp_motion_driver.o
    0x20000140        -       0x00000400   Zero   RW          428    STACK               startup_stm32f10x_hd.o


==============================================================================

Image component sizes


      Code (inc. data)   RO Data    RW Data    ZI Data      Debug   Object Name

       800        104          0         16          0       1594   control.o
       212         18          0          4          0        999   delay.o
       368         10          0          0          0       1223   encoder.o
      8840        200        157         53          0      23941   inv_mpu.o
      3440        126       3062          0         16      15367   inv_mpu_dmp_motion_driver.o
       128          6          0          0          0        662   key.o
       164         18          0          0          0        643   led.o
       372         56          0         56         20     254788   main.o
       220         22          0          0          0       1757   misc.o
       108         12          0          0          0        722   motor.o
       872         18          0          0          0       4339   mpu6050.o
       580         14          0          0          0       2038   mpuiic.o
      2812         32       2072          0          0       9132   oled.o
       428         40          0         36         64       3132   pid.o
       200          8          0          0          0        932   pwm.o
        36          8        304          0       1024        768   startup_stm32f10x_hd.o
       860         38          0          0          0       5689   stm32f10x_gpio.o
        26          0          0          0          0       1158   stm32f10x_it.o
       932         36          0         20          0       8848   stm32f10x_rcc.o
      3610         88          0          0          0      22800   stm32f10x_tim.o
      1032         22          0          0          0       8416   stm32f10x_usart.o
         0          0          0          0          0         32   sys.o
       480         38          0         20          0       1671   system_stm32f10x.o
       184         22          0          0          0        788   timer.o
       472         36          0          6          0       3289   usart.o

    ----------------------------------------------------------------------
     27180        972       5636        216       1124     374728   Object Totals
         0          0         32          0          0          0   (incl. Generated)
         4          0          9          5          0          0   (incl. Padding)

    ----------------------------------------------------------------------

      Code (inc. data)   RO Data    RW Data    ZI Data      Debug   Library Member Name

       624         52         80          0          0        168   asin.o
       544         70        152          0          0        124   atan.o
       412         38          0          0          0        144   atan2.o
        38          6          0          0          0        272   dunder.o
        40          0          0          0          0         68   fpclassify.o
       170          0          0          0          0         96   poly.o
         0          0          8          0          0          0   qnan.o
        76          0          0          0          0         84   sqrt.o
         0          0          0          0          0          0   entry.o
         0          0          0          0          0          0   entry10a.o
         0          0          0          0          0          0   entry11a.o
         4          0          0          0          0          0   entry12b.o
         8          4          0          0          0          0   entry2.o
         4          0          0          0          0          0   entry5.o
         0          0          0          0          0          0   entry7b.o
         0          0          0          0          0          0   entry8b.o
         8          4          0          0          0          0   entry9a.o
        12          6          0          4          0         68   errno.o
        30          0          0          0          0          0   handlers.o
        36          8          0          0          0         68   init.o
         0          0          0          0          0          0   iusefp.o
        98          0          0          0          0         84   ldiv.o
        30          0          0          0          0         68   llshl.o
        36          0          0          0          0         68   llsshr.o
        32          0          0          0          0         68   llushr.o
        26          0          0          0          0         80   memcmp.o
        36          0          0          0          0        108   memseta.o
      1142         54          0          0          0        352   printf8.o
        98          0          0          0          0         92   uldiv.o
        48          0          0          0          0         68   cdcmple.o
        20          0          0          0          0         68   cfcmple.o
        20          0          0          0          0         68   cfrcmple.o
        56          0          0          0          0         88   d2f.o
       334          0          0          0          0        148   dadd.o
       222          0          0          0          0        100   ddiv.o
       186          0          0          0          0        176   depilogue.o
        62          0          0          0          0         80   dfixi.o
        50          0          0          0          0         76   dfixui.o
        34          0          0          0          0         76   dflti.o
        26          0          0          0          0         76   dfltui.o
       228          0          0          0          0         96   dmul.o
        46          0          0          0          0         80   dscalb.o
       162          0          0          0          0        100   dsqrt.o
        38          0          0          0          0         68   f2d.o
       176          0          0          0          0        140   fadd.o
       124          0          0          0          0         88   fdiv.o
       110          0          0          0          0        168   fepilogue.o
        50          0          0          0          0         68   ffixi.o
        40          0          0          0          0         68   ffixui.o
        18          0          0          0          0         68   fflti.o
        10          0          0          0          0         68   ffltui.o
       100          0          0          0          0         76   fmul.o

    ----------------------------------------------------------------------
      5672        242        240          4          0       4124   Library Totals
         8          0          0          0          0          0   (incl. Padding)

    ----------------------------------------------------------------------

      Code (inc. data)   RO Data    RW Data    ZI Data      Debug   Library Name

      1904        166        240          0          0        956   m_ws.l
      1600         76          0          4          0       1056   mc_w.l
      2160          0          0          0          0       2112   mf_w.l

    ----------------------------------------------------------------------
      5672        242        240          4          0       4124   Library Totals

    ----------------------------------------------------------------------

==============================================================================


      Code (inc. data)   RO Data    RW Data    ZI Data      Debug   

     32852       1214       5876        220       1124     374792   Grand Totals
     32852       1214       5876        220       1124     374792   ELF Image Totals
     32852       1214       5876        220          0          0   ROM Totals

==============================================================================

    Total RO  Size (Code + RO Data)                38728 (  37.82kB)
    Total RW  Size (RW Data + ZI Data)              1344 (   1.31kB)
    Total ROM Size (Code + RO Data + RW Data)      38948 (  38.04kB)

==============================================================================

